// Jest Snapshot v1, https://goo.gl/fbAQLP

exports[`should render ExpenseListItem correctly 1`] = `
<div>
  <Link
    replace={false}
    to="/edit/1"
  >
    Edit
  </Link>
  <p>
    Gum
  </p>
  <p>
    195
     - 
    0
  </p>
</div>
`;
